// Vitest Snapshot v1, https://vitest.dev/guide/snapshot.html

exports[`ArticlesFiltersAuthors > should match snapshot 1`] = `
{
  "asFragment": [Function],
  "baseElement": <body>
    <div>
      <select
        aria-label="filter-by-author"
        class="block w-full py-2 pl-3 pr-10 text-sm text-gray-900 border border-gray-300 focus:outline-none focus:ring-indigo-500 focus:border-indigo-500 rounded-md"
      >
        <option
          value=""
        >
          Filter by Author
        </option>
        <option
          value="1"
        >
          John Doe
        </option>
        <option
          value="2"
        >
          Jane Smith
        </option>
      </select>
      <div
        class="absolute inset-y-0 right-0 flex items-center pointer-events-none"
      >
        <svg
          aria-hidden="true"
          class="w-5 h-5 text-gray-400"
          fill="currentColor"
          viewBox="0 0 20 20"
          xmlns="http://www.w3.org/2000/svg"
        >
          <path
            clip-rule="evenodd"
            d="M5.293 7.293a1 1 0 011.414 0L10 10.586l3.293-3.293a1 1 0 111.414 1.414l-4 4a1 1 0 01-1.414 0l-4-4a1 1 0 010-1.414z"
            fill-rule="evenodd"
          />
        </svg>
      </div>
    </div>
  </body>,
  "container": <div>
    <select
      aria-label="filter-by-author"
      class="block w-full py-2 pl-3 pr-10 text-sm text-gray-900 border border-gray-300 focus:outline-none focus:ring-indigo-500 focus:border-indigo-500 rounded-md"
    >
      <option
        value=""
      >
        Filter by Author
      </option>
      <option
        value="1"
      >
        John Doe
      </option>
      <option
        value="2"
      >
        Jane Smith
      </option>
    </select>
    <div
      class="absolute inset-y-0 right-0 flex items-center pointer-events-none"
    >
      <svg
        aria-hidden="true"
        class="w-5 h-5 text-gray-400"
        fill="currentColor"
        viewBox="0 0 20 20"
        xmlns="http://www.w3.org/2000/svg"
      >
        <path
          clip-rule="evenodd"
          d="M5.293 7.293a1 1 0 011.414 0L10 10.586l3.293-3.293a1 1 0 111.414 1.414l-4 4a1 1 0 01-1.414 0l-4-4a1 1 0 010-1.414z"
          fill-rule="evenodd"
        />
      </svg>
    </div>
  </div>,
  "debug": [Function],
  "findAllByAltText": [Function],
  "findAllByDisplayValue": [Function],
  "findAllByLabelText": [Function],
  "findAllByPlaceholderText": [Function],
  "findAllByRole": [Function],
  "findAllByTestId": [Function],
  "findAllByText": [Function],
  "findAllByTitle": [Function],
  "findByAltText": [Function],
  "findByDisplayValue": [Function],
  "findByLabelText": [Function],
  "findByPlaceholderText": [Function],
  "findByRole": [Function],
  "findByTestId": [Function],
  "findByText": [Function],
  "findByTitle": [Function],
  "getAllByAltText": [Function],
  "getAllByDisplayValue": [Function],
  "getAllByLabelText": [Function],
  "getAllByPlaceholderText": [Function],
  "getAllByRole": [Function],
  "getAllByTestId": [Function],
  "getAllByText": [Function],
  "getAllByTitle": [Function],
  "getByAltText": [Function],
  "getByDisplayValue": [Function],
  "getByLabelText": [Function],
  "getByPlaceholderText": [Function],
  "getByRole": [Function],
  "getByTestId": [Function],
  "getByText": [Function],
  "getByTitle": [Function],
  "queryAllByAltText": [Function],
  "queryAllByDisplayValue": [Function],
  "queryAllByLabelText": [Function],
  "queryAllByPlaceholderText": [Function],
  "queryAllByRole": [Function],
  "queryAllByTestId": [Function],
  "queryAllByText": [Function],
  "queryAllByTitle": [Function],
  "queryByAltText": [Function],
  "queryByDisplayValue": [Function],
  "queryByLabelText": [Function],
  "queryByPlaceholderText": [Function],
  "queryByRole": [Function],
  "queryByTestId": [Function],
  "queryByText": [Function],
  "queryByTitle": [Function],
  "rerender": [Function],
  "unmount": [Function],
}
`;
